
> programas-educativos@0.1.0 build
> docusaurus build


 ------------------------------------------------------------------------------                                                                                                         Update available 3.10.1 → 3.10.2                                                                                                                To upgrade Docusaurus packages with the latest version, run the                                       following command:                                        `npm i @docusaurus/core@latest @docusaurus/preset-classic@latest               @docusaurus/module-type-aliases@latest @docusaurus/tsconfig@latest                                  @docusaurus/types@latest`                                                                                                             ------------------------------------------------------------------------------ 

[INFO] Website will be built for all these locales: 
- es
- en
[INFO] [es] Creating an optimized production build...
[webpackbar] ℹ Compiling Client
[webpackbar] ℹ Compiling Server
[WARNING] Markdown link with URL `./sistemas-del-robot.mdx` in source file "docs/guategeeks/guia-docente.mdx" (19:17) couldn't be resolved.
Make sure it references a local Markdown file that exists within the current plugin.
[WARNING] Markdown link with URL `./seguridad-y-energia.mdx` in source file "docs/guategeeks/guia-docente.mdx" (20:17) couldn't be resolved.
Make sure it references a local Markdown file that exists within the current plugin.
[WARNING] Markdown link with URL `./slicer-y-tolerancias.mdx` in source file "docs/guategeeks/guia-docente.mdx" (21:18) couldn't be resolved.
Make sure it references a local Markdown file that exists within the current plugin.
[WARNING] Markdown link with URL `./impresion-y-control-de-calidad.mdx` in source file "docs/guategeeks/guia-docente.mdx" (22:18) couldn't be resolved.
Make sure it references a local Markdown file that exists within the current plugin.
[WARNING] Markdown link with URL `./ensamblaje-de-orugas.mdx` in source file "docs/guategeeks/guia-docente.mdx" (23:15) couldn't be resolved.
Make sure it references a local Markdown file that exists within the current plugin.
[WARNING] Markdown link with URL `./botones-y-buzzer.mdx` in source file "docs/guategeeks/guia-docente.mdx" (24:15) couldn't be resolved.
Make sure it references a local Markdown file that exists within the current plugin.
[WARNING] Markdown link with URL `./dos-motores-y-direccion.mdx` in source file "docs/guategeeks/guia-docente.mdx" (25:15) couldn't be resolved.
Make sure it references a local Markdown file that exists within the current plugin.
[WARNING] Markdown link with URL `./sensor-ultrasonico.mdx` in source file "docs/guategeeks/guia-docente.mdx" (26:15) couldn't be resolved.
Make sure it references a local Markdown file that exists within the current plugin.
[WARNING] Markdown link with URL `./lectura-de-codigo.mdx` in source file "docs/guategeeks/guia-docente.mdx" (27:15) couldn't be resolved.
Make sure it references a local Markdown file that exists within the current plugin.
[WARNING] Markdown link with URL `./integracion-autonoma.mdx` in source file "docs/guategeeks/guia-docente.mdx" (28:16) couldn't be resolved.
Make sure it references a local Markdown file that exists within the current plugin.
[WARNING] Markdown link with URL `./calibracion.mdx` in source file "docs/guategeeks/guia-docente.mdx" (29:22) couldn't be resolved.
Make sure it references a local Markdown file that exists within the current plugin.
[WARNING] Markdown link with URL `./reto-integrador.mdx` in source file "docs/guategeeks/guia-docente.mdx" (30:22) couldn't be resolved.
Make sure it references a local Markdown file that exists within the current plugin.
[WARNING] Markdown link with URL `./sistemas-del-robot.mdx` in source file "docs/guategeeks/guia-docente.mdx" (19:17) couldn't be resolved.
Make sure it references a local Markdown file that exists within the current plugin.
[WARNING] Markdown link with URL `./seguridad-y-energia.mdx` in source file "docs/guategeeks/guia-docente.mdx" (20:17) couldn't be resolved.
Make sure it references a local Markdown file that exists within the current plugin.
[WARNING] Markdown link with URL `./slicer-y-tolerancias.mdx` in source file "docs/guategeeks/guia-docente.mdx" (21:18) couldn't be resolved.
Make sure it references a local Markdown file that exists within the current plugin.
[WARNING] Markdown link with URL `./impresion-y-control-de-calidad.mdx` in source file "docs/guategeeks/guia-docente.mdx" (22:18) couldn't be resolved.
Make sure it references a local Markdown file that exists within the current plugin.
[WARNING] Markdown link with URL `./ensamblaje-de-orugas.mdx` in source file "docs/guategeeks/guia-docente.mdx" (23:15) couldn't be resolved.
Make sure it references a local Markdown file that exists within the current plugin.
[WARNING] Markdown link with URL `./botones-y-buzzer.mdx` in source file "docs/guategeeks/guia-docente.mdx" (24:15) couldn't be resolved.
Make sure it references a local Markdown file that exists within the current plugin.
[WARNING] Markdown link with URL `./dos-motores-y-direccion.mdx` in source file "docs/guategeeks/guia-docente.mdx" (25:15) couldn't be resolved.
Make sure it references a local Markdown file that exists within the current plugin.
[WARNING] Markdown link with URL `./sensor-ultrasonico.mdx` in source file "docs/guategeeks/guia-docente.mdx" (26:15) couldn't be resolved.
Make sure it references a local Markdown file that exists within the current plugin.
[WARNING] Markdown link with URL `./lectura-de-codigo.mdx` in source file "docs/guategeeks/guia-docente.mdx" (27:15) couldn't be resolved.
Make sure it references a local Markdown file that exists within the current plugin.
[WARNING] Markdown link with URL `./integracion-autonoma.mdx` in source file "docs/guategeeks/guia-docente.mdx" (28:16) couldn't be resolved.
Make sure it references a local Markdown file that exists within the current plugin.
[WARNING] Markdown link with URL `./calibracion.mdx` in source file "docs/guategeeks/guia-docente.mdx" (29:22) couldn't be resolved.
Make sure it references a local Markdown file that exists within the current plugin.
[WARNING] Markdown link with URL `./reto-integrador.mdx` in source file "docs/guategeeks/guia-docente.mdx" (30:22) couldn't be resolved.
Make sure it references a local Markdown file that exists within the current plugin.
[webpackbar] ✔ Server: Compiled successfully in 555.52ms
[webpackbar] ✔ Client: Compiled successfully in 698.98ms

[ERROR] Error: Unable to build website for locale es.
    at tryToBuildLocale (/Users/adawolfs/projects/programas-educativos/node_modules/@docusaurus/core/lib/commands/build/build.js:76:15)
    at async /Users/adawolfs/projects/programas-educativos/node_modules/@docusaurus/core/lib/commands/build/build.js:34:9
    at async mapAsyncSequential (/Users/adawolfs/projects/programas-educativos/node_modules/@docusaurus/utils/lib/jsUtils.js:21:24)
    at async Command.build (/Users/adawolfs/projects/programas-educativos/node_modules/@docusaurus/core/lib/commands/build/build.js:33:5)
    at async Promise.all (index 0)
    at async runCLI (/Users/adawolfs/projects/programas-educativos/node_modules/@docusaurus/core/lib/commands/cli.js:56:5)
    at async file:///Users/adawolfs/projects/programas-educativos/node_modules/@docusaurus/core/bin/docusaurus.mjs:44:3 {
  [cause]: Error: Docusaurus found broken links!
  
  Please check the pages of your site in the list below, and make sure you don't reference any path that does not exist.
  Note: it's possible to ignore broken links with the 'onBrokenLinks' Docusaurus configuration, and let the build pass.
  
  Exhaustive list of all broken links found:
  - Broken link on source page path = /programas-educativos/guategeeks/guia-docente/:
     -> linking to ./sistemas-del-robot.mdx/ (resolved as: /programas-educativos/guategeeks/guia-docente/sistemas-del-robot.mdx/)
     -> linking to ./seguridad-y-energia.mdx/ (resolved as: /programas-educativos/guategeeks/guia-docente/seguridad-y-energia.mdx/)
     -> linking to ./slicer-y-tolerancias.mdx/ (resolved as: /programas-educativos/guategeeks/guia-docente/slicer-y-tolerancias.mdx/)
     -> linking to ./impresion-y-control-de-calidad.mdx/ (resolved as: /programas-educativos/guategeeks/guia-docente/impresion-y-control-de-calidad.mdx/)
     -> linking to ./ensamblaje-de-orugas.mdx/ (resolved as: /programas-educativos/guategeeks/guia-docente/ensamblaje-de-orugas.mdx/)
     -> linking to ./botones-y-buzzer.mdx/ (resolved as: /programas-educativos/guategeeks/guia-docente/botones-y-buzzer.mdx/)
     -> linking to ./dos-motores-y-direccion.mdx/ (resolved as: /programas-educativos/guategeeks/guia-docente/dos-motores-y-direccion.mdx/)
     -> linking to ./sensor-ultrasonico.mdx/ (resolved as: /programas-educativos/guategeeks/guia-docente/sensor-ultrasonico.mdx/)
     -> linking to ./lectura-de-codigo.mdx/ (resolved as: /programas-educativos/guategeeks/guia-docente/lectura-de-codigo.mdx/)
     -> linking to ./integracion-autonoma.mdx/ (resolved as: /programas-educativos/guategeeks/guia-docente/integracion-autonoma.mdx/)
     -> linking to ./calibracion.mdx/ (resolved as: /programas-educativos/guategeeks/guia-docente/calibracion.mdx/)
     -> linking to ./reto-integrador.mdx/ (resolved as: /programas-educativos/guategeeks/guia-docente/reto-integrador.mdx/)
  
      at throwError (/Users/adawolfs/projects/programas-educativos/node_modules/@docusaurus/logger/lib/logger.js:80:11)
      at reportBrokenLinks (/Users/adawolfs/projects/programas-educativos/node_modules/@docusaurus/core/lib/server/brokenLinks.js:250:47)
      at handleBrokenLinks (/Users/adawolfs/projects/programas-educativos/node_modules/@docusaurus/core/lib/server/brokenLinks.js:282:5)
      at executeBrokenLinksCheck (/Users/adawolfs/projects/programas-educativos/node_modules/@docusaurus/core/lib/commands/build/buildLocale.js:123:47)
      at /Users/adawolfs/projects/programas-educativos/node_modules/@docusaurus/core/lib/commands/build/buildLocale.js:98:67
      at Object.async (/Users/adawolfs/projects/programas-educativos/node_modules/@docusaurus/logger/lib/perfLogger.js:42:47)
      at buildLocale (/Users/adawolfs/projects/programas-educativos/node_modules/@docusaurus/core/lib/commands/build/buildLocale.js:98:31)
      at async runBuildLocaleTask (/Users/adawolfs/projects/programas-educativos/node_modules/@docusaurus/core/lib/commands/build/build.js:91:5)
      at async /Users/adawolfs/projects/programas-educativos/node_modules/@docusaurus/core/lib/commands/build/build.js:72:13
      at async tryToBuildLocale (/Users/adawolfs/projects/programas-educativos/node_modules/@docusaurus/core/lib/commands/build/build.js:68:9)
}
[INFO] Docusaurus version: 3.10.1
Node version: v24.12.0
