
> programas-educativos@0.1.0 build
> docusaurus build


 ------------------------------------------------------------------------------                                                                                                         Update available 3.10.1 → 3.10.2                                                                                                                To upgrade Docusaurus packages with the latest version, run the                                       following command:                                        `npm i @docusaurus/core@latest @docusaurus/preset-classic@latest               @docusaurus/module-type-aliases@latest @docusaurus/tsconfig@latest                                  @docusaurus/types@latest`                                                                                                             ------------------------------------------------------------------------------ 

[INFO] Website will be built for all these locales: 
- es
- en
[INFO] [es] Creating an optimized production build...
[webpackbar] ℹ Compiling Client
[webpackbar] ℹ Compiling Server
[webpackbar] ✔ Server: Compiled successfully in 802.72ms
[webpackbar] ✔ Client: Compiled successfully in 2.80s

[ERROR] Error: Unable to build website for locale es.
    at tryToBuildLocale (/Users/adawolfs/projects/programas-educativos/node_modules/@docusaurus/core/lib/commands/build/build.js:76:15)
    at async /Users/adawolfs/projects/programas-educativos/node_modules/@docusaurus/core/lib/commands/build/build.js:34:9
    ... 4 lines matching cause stack trace ...
    at async file:///Users/adawolfs/projects/programas-educativos/node_modules/@docusaurus/core/bin/docusaurus.mjs:44:3 {
  [cause]: Error: Docusaurus found broken links!
  
  Please check the pages of your site in the list below, and make sure you don't reference any path that does not exist.
  Note: it's possible to ignore broken links with the 'onBrokenLinks' Docusaurus configuration, and let the build pass.
  
  Exhaustive list of all broken links found:
  - Broken link on source page path = /programas-educativos/guategeeks/alineacion-cnb/:
     -> linking to ./licencias/ (resolved as: /programas-educativos/guategeeks/alineacion-cnb/licencias/)
  - Broken link on source page path = /programas-educativos/guategeeks/guia-docente/:
     -> linking to ./sistemas-del-robot/ (resolved as: /programas-educativos/guategeeks/guia-docente/sistemas-del-robot/)
     -> linking to ./seguridad-y-energia/ (resolved as: /programas-educativos/guategeeks/guia-docente/seguridad-y-energia/)
     -> linking to ./slicer-y-tolerancias/ (resolved as: /programas-educativos/guategeeks/guia-docente/slicer-y-tolerancias/)
     -> linking to ./impresion-y-control-de-calidad/ (resolved as: /programas-educativos/guategeeks/guia-docente/impresion-y-control-de-calidad/)
     -> linking to ./ensamblaje-de-orugas/ (resolved as: /programas-educativos/guategeeks/guia-docente/ensamblaje-de-orugas/)
     -> linking to ./botones-y-buzzer/ (resolved as: /programas-educativos/guategeeks/guia-docente/botones-y-buzzer/)
     -> linking to ./dos-motores-y-direccion/ (resolved as: /programas-educativos/guategeeks/guia-docente/dos-motores-y-direccion/)
     -> linking to ./sensor-ultrasonico/ (resolved as: /programas-educativos/guategeeks/guia-docente/sensor-ultrasonico/)
     -> linking to ./lectura-de-codigo/ (resolved as: /programas-educativos/guategeeks/guia-docente/lectura-de-codigo/)
     -> linking to ./integracion-autonoma/ (resolved as: /programas-educativos/guategeeks/guia-docente/integracion-autonoma/)
     -> linking to ./calibracion/ (resolved as: /programas-educativos/guategeeks/guia-docente/calibracion/)
     -> linking to ./reto-integrador/ (resolved as: /programas-educativos/guategeeks/guia-docente/reto-integrador/)
     -> linking to ./materiales/ (resolved as: /programas-educativos/guategeeks/guia-docente/materiales/)
     -> linking to ./roles/ (resolved as: /programas-educativos/guategeeks/guia-docente/roles/)
     -> linking to ./rubrica/ (resolved as: /programas-educativos/guategeeks/guia-docente/rubrica/)
     -> linking to ./preguntas-socraticas/ (resolved as: /programas-educativos/guategeeks/guia-docente/preguntas-socraticas/)
     -> linking to ./misconcepciones/ (resolved as: /programas-educativos/guategeeks/guia-docente/misconcepciones/)
     -> linking to ./seguridad/ (resolved as: /programas-educativos/guategeeks/guia-docente/seguridad/)
     -> linking to ./licencias/ (resolved as: /programas-educativos/guategeeks/guia-docente/licencias/)
  - Broken link on source page path = /programas-educativos/guategeeks/materiales/:
     -> linking to ./licencias/ (resolved as: /programas-educativos/guategeeks/materiales/licencias/)
  - Broken link on source page path = /programas-educativos/guategeeks/rubrica/:
     -> linking to ./roles/ (resolved as: /programas-educativos/guategeeks/rubrica/roles/)
  - Broken link on source page path = /programas-educativos/guategeeks/seguridad/:
     -> linking to ./materiales/ (resolved as: /programas-educativos/guategeeks/seguridad/materiales/)
  
      at throwError (/Users/adawolfs/projects/programas-educativos/node_modules/@docusaurus/logger/lib/logger.js:80:11)
      at reportBrokenLinks (/Users/adawolfs/projects/programas-educativos/node_modules/@docusaurus/core/lib/server/brokenLinks.js:250:47)
      at handleBrokenLinks (/Users/adawolfs/projects/programas-educativos/node_modules/@docusaurus/core/lib/server/brokenLinks.js:282:5)
      at executeBrokenLinksCheck (/Users/adawolfs/projects/programas-educativos/node_modules/@docusaurus/core/lib/commands/build/buildLocale.js:123:47)
      at /Users/adawolfs/projects/programas-educativos/node_modules/@docusaurus/core/lib/commands/build/buildLocale.js:98:67
      at Object.async (/Users/adawolfs/projects/programas-educativos/node_modules/@docusaurus/logger/lib/perfLogger.js:42:47)
      at buildLocale (/Users/adawolfs/projects/programas-educativos/node_modules/@docusaurus/core/lib/commands/build/buildLocale.js:98:31)
      at async runBuildLocaleTask (/Users/adawolfs/projects/programas-educativos/node_modules/@docusaurus/core/lib/commands/build/build.js:91:5)
      at async /Users/adawolfs/projects/programas-educativos/node_modules/@docusaurus/core/lib/commands/build/build.js:72:13
      at async tryToBuildLocale (/Users/adawolfs/projects/programas-educativos/node_modules/@docusaurus/core/lib/commands/build/build.js:68:9)
      at async /Users/adawolfs/projects/programas-educativos/node_modules/@docusaurus/core/lib/commands/build/build.js:34:9
      at async mapAsyncSequential (/Users/adawolfs/projects/programas-educativos/node_modules/@docusaurus/utils/lib/jsUtils.js:21:24)
      at async Command.build (/Users/adawolfs/projects/programas-educativos/node_modules/@docusaurus/core/lib/commands/build/build.js:33:5)
      at async Promise.all (index 0)
      at async runCLI (/Users/adawolfs/projects/programas-educativos/node_modules/@docusaurus/core/lib/commands/cli.js:56:5)
      at async file:///Users/adawolfs/projects/programas-educativos/node_modules/@docusaurus/core/bin/docusaurus.mjs:44:3
}
[INFO] Docusaurus version: 3.10.1
Node version: v24.12.0
