
> programas-educativos@0.1.0 build
> docusaurus build


 ------------------------------------------------------------------------------                                                                                                         Update available 3.10.1 → 3.10.2                                                                                                                To upgrade Docusaurus packages with the latest version, run the                                       following command:                                        `npm i @docusaurus/core@latest @docusaurus/preset-classic@latest               @docusaurus/module-type-aliases@latest @docusaurus/tsconfig@latest                                  @docusaurus/types@latest`                                                                                                             ------------------------------------------------------------------------------ 

[INFO] Website will be built for all these locales: 
- es
- en
[INFO] [es] Creating an optimized production build...
[webpackbar] ℹ Compiling Client
[webpackbar] ℹ Compiling Server
[webpackbar] ✔ Server: Compiled successfully in 1.00s
[webpackbar] ✔ Client: Compiled successfully in 2.22s
[WARNING] {"moduleIdentifier":"/Users/adawolfs/projects/programas-educativos/node_modules/babel-loader/lib/index.js??ruleSet[1].rules[5].use[0]!/Users/adawolfs/projects/programas-educativos/src/components/StlViewer/index.tsx","moduleName":"./src/components/StlViewer/index.tsx","loc":"13:287-297","message":"Critical dependency: the request of a dependency is an expression","compilerPath":"server"}
[WARNING] {"moduleIdentifier":"/Users/adawolfs/projects/programas-educativos/node_modules/babel-loader/lib/index.js??ruleSet[1].rules[5].use[0]!/Users/adawolfs/projects/programas-educativos/src/components/StlViewer/index.tsx","moduleName":"./src/components/StlViewer/index.tsx","loc":"13:398-408","message":"Critical dependency: the request of a dependency is an expression","compilerPath":"server"}
[SUCCESS] Generated static files in "build".
[INFO] [en] Creating an optimized production build...
[webpackbar] ℹ Compiling Client
[webpackbar] ℹ Compiling Server
[webpackbar] ✔ Server: Compiled successfully in 670.51ms
[webpackbar] ✔ Client: Compiled successfully in 1.36s
[WARNING] {"moduleIdentifier":"/Users/adawolfs/projects/programas-educativos/node_modules/babel-loader/lib/index.js??ruleSet[1].rules[5].use[0]!/Users/adawolfs/projects/programas-educativos/src/components/StlViewer/index.tsx","moduleName":"./src/components/StlViewer/index.tsx","loc":"13:287-297","message":"Critical dependency: the request of a dependency is an expression","compilerPath":"server"}
[WARNING] {"moduleIdentifier":"/Users/adawolfs/projects/programas-educativos/node_modules/babel-loader/lib/index.js??ruleSet[1].rules[5].use[0]!/Users/adawolfs/projects/programas-educativos/src/components/StlViewer/index.tsx","moduleName":"./src/components/StlViewer/index.tsx","loc":"13:398-408","message":"Critical dependency: the request of a dependency is an expression","compilerPath":"server"}
[SUCCESS] Generated static files in "build/en".
[INFO] Use `npm run serve` command to test your build locally.
